src/routes/admin/insights.ts(16,10): error TS6133: 'req' is declared but its value is never read.
src/routes/admin/polls.ts(93,50): error TS2345: Argument of type 'string | string[]' is not assignable to parameter of type 'string'.
  Type 'string[]' is not assignable to type 'string'.
src/routes/admin/polls.ts(251,38): error TS2345: Argument of type 'string | string[]' is not assignable to parameter of type 'string'.
  Type 'string[]' is not assignable to type 'string'.
src/routes/admin/polls.ts(290,50): error TS2345: Argument of type 'string | string[]' is not assignable to parameter of type 'string'.
  Type 'string[]' is not assignable to type 'string'.
src/routes/admin/profiles.ts(27,9): error TS6133: 'status' is declared but its value is never read.
src/routes/admin/profiles.ts(221,3): error TS7030: Not all code paths return a value.
src/routes/admin/profiles.ts(262,3): error TS7030: Not all code paths return a value.
src/routes/admin/settings.ts(209,3): error TS7030: Not all code paths return a value.
src/routes/polls.ts(115,50): error TS2345: Argument of type 'string | string[]' is not assignable to parameter of type 'string'.
  Type 'string[]' is not assignable to type 'string'.
src/routes/stats.ts(24,42): error TS2345: Argument of type 'string | string[]' is not assignable to parameter of type 'string'.
  Type 'string[]' is not assignable to type 'string'.
